\BOOKMARK [1][]{section*.1}{\376\377\000\332\000v\000o\000d}{}% 1
\BOOKMARK [1][]{section.2}{\376\377\000S\000\372\001\015\000a\000s\000n\000\375\000\040\000s\000t\000a\000v}{}% 2
\BOOKMARK [2][]{subsection.3}{\376\377\000Z\000n\000a\000l\000o\000s\000t\000n\000\351\000\040\000g\000r\000a\000f\000y}{section.2}% 3
\BOOKMARK [3][]{subsubsection.4}{\376\377\000T\000y\000p\000y\000\040\000g\000r\000a\000f\000o\000v\000\375\000c\000h\000\040\000d\000a\000t\000a\000b\000\341\000z}{subsection.3}% 4
\BOOKMARK [2][]{subsection.5}{\376\377\000K\000l\000a\000s\000i\000c\000k\000\351\000\040\000m\000e\000t\000\363\000d\000y\000\040\000e\000x\000t\000r\000a\000k\000c\000i\000e}{section.2}% 5
\BOOKMARK [3][]{subsubsection.6}{\376\377\000R\000o\000z\000p\000o\000z\000n\000\341\000v\000a\000n\000i\000e\000\040\000p\000o\000m\000e\000n\000o\000v\000a\000n\000\375\000c\000h\000\040\000e\000n\000t\000\355\000t}{subsection.5}% 6
\BOOKMARK [3][]{subsubsection.9}{\376\377\000E\000x\000t\000r\000a\000k\000c\000i\000a\000\040\000v\000z\001\145\000a\000h\000o\000v}{subsection.5}% 7
\BOOKMARK [3][]{subsubsection.13}{\376\377\000P\000o\000s\000u\000n\000\040\000k\000\040\000v\000y\000u\001\176\000\355\000v\000a\000n\000i\000u\000\040\000L\000L\000M}{subsection.5}% 8
\BOOKMARK [2][]{subsection.14}{\376\377\000E\000x\000i\000s\000t\000i\000j\000\372\000c\000e\000\040\000p\000r\000\355\000s\000t\000u\000p\000y\000\040\000p\000r\000e\000\040\000t\000v\000o\000r\000b\000u\000\040\000z\000n\000a\000l\000o\000s\000t\000n\000\375\000c\000h\000\040\000g\000r\000a\000f\000o\000v\000\040\000z\000\040\000t\000e\000x\000t\000u}{section.2}% 9
\BOOKMARK [2][]{subsection.15}{\376\377\000M\000e\000d\000z\000e}{section.2}% 10
\BOOKMARK [1][]{section.16}{\376\377\000N\000\341\000v\000r\000h\000\040\000r\000i\000e\001\141\000e\000n\000i\000a}{}% 11
\BOOKMARK [2][]{subsection.18}{\376\377\000P\000r\000e\000d\000s\000p\000r\000a\000c\000o\000v\000a\000n\000i\000e}{section.16}% 12
\BOOKMARK [3][]{subsubsection.19}{\376\377\000D\000e\000t\000e\000k\000c\000i\000a\000\040\000r\000o\000z\000l\000o\001\176\000e\000n\000i\000a}{subsection.18}% 13
\BOOKMARK [3][]{subsubsection.20}{\376\377\000E\000x\000t\000r\000a\000k\000c\000i\000a\000\040\000t\000a\000b\000u\000l\000i\000e\000k}{subsection.18}% 14
\BOOKMARK [2][]{subsection.21}{\376\377\000T\000r\000o\000j\000k\000r\000o\000k\000o\000v\000\341\000\040\000e\000x\000t\000r\000a\000k\000c\000i\000a}{section.16}% 15
\BOOKMARK [3][]{subsubsection.23}{\376\377\000D\000e\000t\000e\000k\000c\000i\000a\000\040\000v\000\040\000o\000t\000v\000o\000r\000e\000n\000e\000j\000\040\000d\000o\000m\000\351\000n\000e\000\040\000\050\000O\000D\000D\000\051}{subsection.21}% 16
\BOOKMARK [3][]{subsubsection.24}{\376\377\000\332\000p\000r\000a\000v\000a\000\040\000a\000\040\000s\000p\000r\000e\000s\000n\000e\000n\000i\000e\000\040\000s\000c\000h\000\351\000m\000y\000\040\000\050\000S\000R\000\051}{subsection.21}% 17
\BOOKMARK [3][]{subsubsection.25}{\376\377\000S\000c\000h\000\351\000m\000o\000u\000\040\000r\000i\000a\000d\000e\000n\000\341\000\040\000e\000x\000t\000r\000a\000k\000c\000i\000a\000\040\000\050\000S\000D\000E\000\051}{subsection.21}% 18
\BOOKMARK [2][]{subsection.26}{\376\377\000V\000k\000l\000a\000d\000a\000n\000i\000e\000\040\000d\000o\000\040\000d\000a\000t\000a\000b\000\341\000z\000y}{section.16}% 19
\BOOKMARK [1][]{section.28}{\376\377\000I\000m\000p\000l\000e\000m\000e\000n\000t\000\341\000c\000i\000a}{}% 20
\BOOKMARK [2][]{subsection.29}{\376\377\000T\000e\000c\000h\000n\000o\000l\000o\000g\000i\000c\000k\000\375\000\040\000s\000t\000a\000c\000k}{section.28}% 21
\BOOKMARK [2][]{subsection.30}{\376\377\000K\001\076\000\372\001\015\000o\000v\000\351\000\040\000i\000m\000p\000l\000e\000m\000e\000n\000t\000a\001\015\000n\000\351\000\040\000r\000o\000z\000h\000o\000d\000n\000u\000t\000i\000a}{section.28}% 22
\BOOKMARK [2][]{subsection.31}{\376\377\000P\000r\000o\000m\000p\000t\000\040\000e\000n\000g\000i\000n\000e\000e\000r\000i\000n\000g\000\040\000p\000r\000e\000\040\000s\000l\000o\000v\000e\000n\001\015\000i\000n\000u}{section.28}% 23
\BOOKMARK [1][]{section.32}{\376\377\000E\000x\000p\000e\000r\000i\000m\000e\000n\000t\000y\000\040\000a\000\040\000v\000y\000h\000o\000d\000n\000o\000t\000e\000n\000i\000e}{}% 24
\BOOKMARK [2][]{subsection.33}{\376\377\000T\000e\000s\000t\000o\000v\000a\000n\000i\000e\000\040\000d\000\341\000t\000a\000\040\000a\000\040\000e\000x\000p\000e\000r\000i\000m\000e\000n\000t\000\341\000l\000n\000e\000\040\000p\000r\000o\000s\000t\000r\000e\000d\000i\000e}{section.32}% 25
\BOOKMARK [2][]{subsection.34}{\376\377\000P\000r\000i\000e\000b\000e\000h\000\040\000e\000x\000t\000r\000a\000k\000c\000i\000e\000\040\000a\000\040\000k\000v\000a\000n\000t\000i\000t\000a\000t\000\355\000v\000n\000e\000\040\000v\000\375\000s\000l\000e\000d\000k\000y}{section.32}% 26
\BOOKMARK [2][]{subsection.35}{\376\377\000V\000i\000z\000u\000a\000l\000i\000z\000\341\000c\000i\000a\000\040\000z\000n\000a\000l\000o\000s\000t\000n\000\351\000h\000o\000\040\000g\000r\000a\000f\000u}{section.32}% 27
\BOOKMARK [2][]{subsection.36}{\376\377\000P\000o\000r\000o\000v\000n\000a\000n\000i\000e\000\040\000s\000\040\000b\000a\000s\000e\000l\000i\000n\000e}{section.32}% 28
\BOOKMARK [2][]{subsection.37}{\376\377\000D\000i\000s\000k\000u\000s\000i\000a\000\040\000a\000\040\000l\000i\000m\000i\000t\000\341\000c\000i\000e}{section.32}% 29
\BOOKMARK [1][]{section*.38}{\376\377\000Z\000\341\000v\000e\000r}{}% 30
\BOOKMARK [1][]{section*.39}{\376\377\000L\000i\000t\000e\000r\000a\000t\000\372\000r\000a}{}% 31
\BOOKMARK [2][]{section*.40}{\376\377\000P\000o\000u\001\176\000i\000t\000i\000e\000\040\000n\000\341\000s\000t\000r\000o\000j\000o\000v\000\040\000u\000m\000e\000l\000e\000j\000\040\000i\000n\000t\000e\000l\000i\000g\000e\000n\000c\000i\000e}{section*.39}% 32
