\BOOKMARK [1][]{section*.2}{\376\377\000\332\000v\000o\000d}{}% 1
\BOOKMARK [1][]{section.3}{\376\377\000S\000\372\001\015\000a\000s\000n\000\375\000\040\000s\000t\000a\000v}{}% 2
\BOOKMARK [2][]{subsection.4}{\376\377\000Z\000n\000a\000l\000o\000s\000t\000n\000\351\000\040\000g\000r\000a\000f\000y}{section.3}% 3
\BOOKMARK [3][]{subsubsection.6}{\376\377\000T\000y\000p\000y\000\040\000g\000r\000a\000f\000o\000v\000\375\000c\000h\000\040\000d\000a\000t\000a\000b\000\341\000z}{subsection.4}% 4
\BOOKMARK [3][]{subsubsection.7}{\376\377\000P\000o\000r\000o\000v\000n\000a\000n\000i\000e\000\040\000s\000\040\000v\000e\000k\000t\000o\000r\000o\000v\000o\000u\000\040\000a\000\040\000r\000e\000l\000a\001\015\000n\000o\000u\000\040\000d\000a\000t\000a\000b\000\341\000z\000o\000u}{subsection.4}% 5
\BOOKMARK [2][]{subsection.8}{\376\377\000K\000l\000a\000s\000i\000c\000k\000\351\000\040\000m\000e\000t\000\363\000d\000y\000\040\000e\000x\000t\000r\000a\000k\000c\000i\000e}{section.3}% 6
\BOOKMARK [3][]{subsubsection.9}{\376\377\000R\000o\000z\000p\000o\000z\000n\000\341\000v\000a\000n\000i\000e\000\040\000p\000o\000m\000e\000n\000o\000v\000a\000n\000\375\000c\000h\000\040\000e\000n\000t\000\355\000t}{subsection.8}% 7
\BOOKMARK [3][]{subsubsection.12}{\376\377\000E\000x\000t\000r\000a\000k\000c\000i\000a\000\040\000v\000z\001\145\000a\000h\000o\000v}{subsection.8}% 8
\BOOKMARK [2][]{subsection.15}{\376\377\000P\000o\000s\000u\000n\000\040\000k\000\040\000v\000y\000u\001\176\000\355\000v\000a\000n\000i\000u\000\040\000L\000L\000M}{section.3}% 9
\BOOKMARK [3][]{subsubsection.16}{\376\377\000G\000e\000n\000e\000r\000a\000t\000\355\000v\000n\000e\000\040\000a\000\040\000s\000\351\000m\000a\000n\000t\000i\000c\000k\000\351\000\040\000v\000l\000a\000s\000t\000n\000o\000s\000t\000i\000\040\000L\000L\000M}{subsection.15}% 10
\BOOKMARK [3][]{subsubsection.17}{\376\377\000S\000c\000h\000\351\000m\000o\000v\000\351\000\040\000a\000\040\000b\000e\000z\000s\000c\000h\000\351\000m\000o\000v\000\351\000\040\000p\000r\000\355\000s\000t\000u\000p\000y\000\040\000k\000\040\000e\000x\000t\000r\000a\000k\000c\000i\000i}{subsection.15}% 11
\BOOKMARK [3][]{subsubsection.18}{\376\377\000P\000r\000o\000m\000p\000t\000o\000v\000a\000c\000i\000e\000\040\000t\000e\000c\000h\000n\000i\000k\000y\000\040\000p\000r\000i\000\040\000e\000x\000t\000r\000a\000k\000c\000i\000i\000\040\000z\000n\000a\000l\000o\000s\000t\000\355}{subsection.15}% 12
\BOOKMARK [3][]{subsubsection.19}{\376\377\000M\000o\000t\000i\000v\000\341\000c\000i\000a\000\040\000v\000y\000u\001\176\000\355\000v\000a\000n\000i\000a\000\040\000L\000L\000M\000\040\000v\000\040\000m\000o\000d\000e\000r\000n\000\375\000c\000h\000\040\000I\000E\000\040\000s\000y\000s\000t\000\351\000m\000o\000c\000h}{subsection.15}% 13
\BOOKMARK [2][]{subsection.20}{\376\377\000E\000x\000i\000s\000t\000u\000j\000\372\000c\000e\000\040\000p\000r\000\355\000s\000t\000u\000p\000y\000\040\000p\000r\000e\000\040\000t\000v\000o\000r\000b\000u\000\040\000z\000n\000a\000l\000o\000s\000t\000n\000\375\000c\000h\000\040\000g\000r\000a\000f\000o\000v\000\040\000z\000\040\000t\000e\000x\000t\000u}{section.3}% 14
\BOOKMARK [2][]{subsection.21}{\376\377\000M\000e\000d\000z\000e}{section.3}% 15
\BOOKMARK [3][]{subsubsection.22}{\376\377\000S\000l\000o\000v\000e\000n\000s\000k\000\375\000\040\000j\000a\000z\000y\000k\000\040\000a\000k\000o\000\040\000m\000\341\000l\000o\000\040\000z\000a\000s\000t\000\372\000p\000e\000n\000\341\000\040\000d\000o\000m\000\351\000n\000a}{subsection.21}% 16
\BOOKMARK [3][]{subsubsection.23}{\376\377\000P\000r\000\341\000v\000n\000a\000\040\000d\000o\000m\000\351\000n\000a\000\040\000a\000k\000o\000\040\001\141\000p\000e\000c\000i\000a\000l\000i\000z\000o\000v\000a\000n\000\375\000\040\000k\000o\000n\000t\000e\000x\000t}{subsection.21}% 17
\BOOKMARK [3][]{subsubsection.24}{\376\377\000H\000y\000b\000r\000i\000d\000n\000\351\000\040\000s\000p\000r\000a\000c\000o\000v\000a\000n\000i\000e\000\040\000t\000e\000x\000t\000u\000\040\000a\000\040\000t\000a\000b\000u\000l\000i\000e\000k}{subsection.21}% 18
\BOOKMARK [1][]{section.25}{\376\377\000N\000\341\000v\000r\000h\000\040\000r\000i\000e\001\141\000e\000n\000i\000a}{}% 19
\BOOKMARK [2][]{subsection.28}{\376\377\000P\000r\000e\000d\000s\000p\000r\000a\000c\000o\000v\000a\000n\000i\000e}{section.25}% 20
\BOOKMARK [3][]{subsubsection.29}{\376\377\000D\000e\000t\000e\000k\000c\000i\000a\000\040\000r\000o\000z\000l\000o\001\176\000e\000n\000i\000a}{subsection.28}% 21
\BOOKMARK [3][]{subsubsection.30}{\376\377\000E\000x\000t\000r\000a\000k\000c\000i\000a\000\040\000t\000a\000b\000u\000l\000i\000e\000k}{subsection.28}% 22
\BOOKMARK [3][]{subsubsection.32}{\376\377\000E\000x\000t\000r\000a\000k\000c\000i\000a\000\040\000v\000z\000o\000r\000c\000o\000v}{subsection.28}% 23
\BOOKMARK [2][]{subsection.34}{\376\377\000T\000r\000o\000j\000k\000r\000o\000k\000o\000v\000\341\000\040\000e\000x\000t\000r\000a\000k\000c\000i\000a}{section.25}% 24
\BOOKMARK [3][]{subsubsection.36}{\376\377\000D\000e\000t\000e\000k\000c\000i\000a\000\040\000v\000\040\000o\000t\000v\000o\000r\000e\000n\000e\000j\000\040\000d\000o\000m\000\351\000n\000e\000\040\000\050\000O\000D\000D\000\051}{subsection.34}% 25
\BOOKMARK [3][]{subsubsection.37}{\376\377\000\332\000p\000r\000a\000v\000a\000\040\000a\000\040\000s\000p\000r\000e\000s\000n\000e\000n\000i\000e\000\040\000s\000c\000h\000\351\000m\000y\000\040\000\050\000S\000R\000\051}{subsection.34}% 26
\BOOKMARK [3][]{subsubsection.38}{\376\377\000S\000c\000h\000\351\000m\000o\000u\000\040\000r\000i\000a\000d\000e\000n\000\341\000\040\000e\000x\000t\000r\000a\000k\000c\000i\000a\000\040\000\050\000S\000D\000E\000\051}{subsection.34}% 27
\BOOKMARK [2][]{subsection.40}{\376\377\000V\000k\000l\000a\000d\000a\000n\000i\000e\000\040\000d\000o\000\040\000d\000a\000t\000a\000b\000\341\000z\000y}{section.25}% 28
\BOOKMARK [1][]{section.44}{\376\377\000I\000m\000p\000l\000e\000m\000e\000n\000t\000\341\000c\000i\000a}{}% 29
\BOOKMARK [2][]{subsection.45}{\376\377\000T\000e\000c\000h\000n\000o\000l\000o\000g\000i\000c\000k\000\375\000\040\000s\000t\000a\000c\000k}{section.44}% 30
\BOOKMARK [2][]{subsection.46}{\376\377\000D\000\364\000l\000e\001\176\000i\000t\000\351\000\040\000i\000m\000p\000l\000e\000m\000e\000n\000t\000a\001\015\000n\000\351\000\040\000r\000o\000z\000h\000o\000d\000n\000u\000t\000i\000a}{section.44}% 31
\BOOKMARK [3][]{subsubsection.47}{\376\377\000M\000e\000c\000h\000a\000n\000i\000z\000m\000u\000s\000\040\000s\000e\000m\000a\000f\000o\000r\000u}{subsection.46}% 32
\BOOKMARK [3][]{subsubsection.48}{\376\377\001\140\000t\000r\000u\000k\000t\000\372\000r\000o\000v\000a\000n\000\375\000\040\000v\000\375\000s\000t\000u\000p}{subsection.46}% 33
\BOOKMARK [3][]{subsubsection.49}{\376\377\000C\000h\000u\000n\000k\000o\000v\000a\000c\000i\000a\000\040\000s\000t\000r\000a\000t\000\351\000g\000i\000a}{subsection.46}% 34
\BOOKMARK [2][]{subsection.50}{\376\377\000P\000r\000o\000m\000p\000t\000\040\000e\000n\000g\000i\000n\000e\000e\000r\000i\000n\000g\000\040\000p\000r\000e\000\040\000s\000l\000o\000v\000e\000n\001\015\000i\000n\000u}{section.44}% 35
\BOOKMARK [1][]{section.51}{\376\377\000E\000x\000p\000e\000r\000i\000m\000e\000n\000t\000y\000\040\000a\000\040\000v\000y\000h\000o\000d\000n\000o\000t\000e\000n\000i\000e}{}% 36
\BOOKMARK [2][]{subsection.52}{\376\377\000K\000v\000a\000l\000i\000t\000a\000\040\000s\000p\000r\000a\000c\000o\000v\000a\000n\000i\000a}{section.51}% 37
\BOOKMARK [3][]{subsubsection.53}{\376\377\000T\000a\000b\000u\001\076\000k\000y\000\040\000a\000\040\000v\000z\000o\000r\000c\000e}{subsection.52}% 38
\BOOKMARK [3][]{subsubsection.54}{\376\377\000N\000E\000R\000\040\000a\000\040\000R\000E}{subsection.52}% 39
\BOOKMARK [3][]{subsubsection.55}{\376\377\000P\000r\000i\000d\000a\000n\000i\000e\000\040\000v\000a\000l\000i\000d\000a\001\015\000n\000\351\000h\000o\000\040\000a\000\040\000k\000o\000r\000e\000f\000e\000r\000e\000n\001\015\000n\000\351\000h\000o\000\040\000k\000r\000o\000k\000u}{subsection.52}% 40
\BOOKMARK [2][]{subsection.56}{\376\377\000K\000v\000a\000l\000i\000t\000a\000t\000\355\000v\000n\000e\000\040\000v\000\375\000s\000l\000e\000d\000k\000y}{section.51}% 41
\BOOKMARK [3][]{subsubsection.57}{\376\377\000E\000x\000t\000r\000a\000k\000c\000i\000a}{subsection.56}% 42
\BOOKMARK [3][]{subsubsection.60}{\376\377\000P\000o\000r\000o\000v\000n\000a\000n\000i\000e\000\040\000R\000A\000G\000\040\000s\000\040\000G\000r\000a\000p\000h\000R\000A\000G}{subsection.56}% 43
\BOOKMARK [2][]{subsection.62}{\376\377\000V\000y\000l\000e\000p\001\141\000e\000n\000i\000a}{section.51}% 44
\BOOKMARK [1][]{section*.63}{\376\377\000Z\000\341\000v\000e\000r}{}% 45
\BOOKMARK [1][]{section*.64}{\376\377\000L\000i\000t\000e\000r\000a\000t\000\372\000r\000a}{}% 46
\BOOKMARK [2][]{section*.65}{\376\377\000P\000o\000u\001\176\000i\000t\000i\000e\000\040\000n\000\341\000s\000t\000r\000o\000j\000o\000v\000\040\000u\000m\000e\000l\000e\000j\000\040\000i\000n\000t\000e\000l\000i\000g\000e\000n\000c\000i\000e}{section*.64}% 47
